
Discarded input sections

 .bss           0x00000000        0x0 build/hades/rpi-gpuMailbox.o
 .ARM.attributes
                0x00000000       0x14 build/hades/rpi-gpuMailbox.o
 .debug_line    0x00000000       0x86 build/hades/rpi-gpuMailbox.o
 .debug_info    0x00000000       0x60 build/hades/rpi-gpuMailbox.o
 .debug_abbrev  0x00000000       0x14 build/hades/rpi-gpuMailbox.o
 .debug_aranges
                0x00000000       0x20 build/hades/rpi-gpuMailbox.o
 .bss           0x00000000        0x0 build/poseidon/boot.o
 .ARM.attributes
                0x00000000       0x14 build/poseidon/boot.o
 .debug_line    0x00000000       0x4b build/poseidon/boot.o
 .debug_info    0x00000000       0x59 build/poseidon/boot.o
 .debug_abbrev  0x00000000       0x14 build/poseidon/boot.o
 .debug_aranges
                0x00000000       0x20 build/poseidon/boot.o
 .bss           0x00000000        0x0 build/hefesto/divisions.o
 .ARM.attributes
                0x00000000       0x16 build/hefesto/divisions.o
 .debug_line    0x00000000       0x69 build/hefesto/divisions.o
 .debug_info    0x00000000       0x5d build/hefesto/divisions.o
 .debug_abbrev  0x00000000       0x14 build/hefesto/divisions.o
 .debug_aranges
                0x00000000       0x20 build/hefesto/divisions.o
 .bss           0x00000000        0x0 build/hades/gpuFrameBuffer.o
 .comment       0x00000000       0x71 build/hades/gpuFrameBuffer.o
 .ARM.attributes
                0x00000000       0x35 build/hades/gpuFrameBuffer.o
 .bss           0x00000000        0x0 build/hades/rpi-systimer.o
 .comment       0x00000000       0x71 build/hades/rpi-systimer.o
 .ARM.attributes
                0x00000000       0x35 build/hades/rpi-systimer.o
 .bss           0x00000000        0x0 build/hades/rpi-atags.o
 .comment       0x00000000       0x71 build/hades/rpi-atags.o
 .ARM.attributes
                0x00000000       0x35 build/hades/rpi-atags.o
 .bss           0x00000000        0x0 build/hades/rpi-gpio.o
 .comment       0x00000000       0x71 build/hades/rpi-gpio.o
 .ARM.attributes
                0x00000000       0x35 build/hades/rpi-gpio.o
 .bss           0x00000000        0x0 build/poseidon/main.o
 .comment       0x00000000       0x71 build/poseidon/main.o
 .ARM.attributes
                0x00000000       0x35 build/poseidon/main.o
 .bss           0x00000000        0x0 build/apolo/screenbackground.o
 .comment       0x00000000       0x71 build/apolo/screenbackground.o
 .ARM.attributes
                0x00000000       0x35 build/apolo/screenbackground.o
 .bss           0x00000000        0x0 build/hefesto/string.o
 .comment       0x00000000       0x71 build/hefesto/string.o
 .ARM.attributes
                0x00000000       0x35 build/hefesto/string.o

Memory Configuration

Name             Origin             Length             Attributes
*default*        0x00000000         0xffffffff

Linker script and memory map

LOAD build/hades/rpi-gpuMailbox.o
LOAD build/poseidon/boot.o
LOAD build/hefesto/divisions.o
LOAD build/hades/gpuFrameBuffer.o
LOAD build/hades/rpi-systimer.o
LOAD build/hades/rpi-atags.o
LOAD build/hades/rpi-gpio.o
LOAD build/poseidon/main.o
LOAD build/apolo/screenbackground.o
LOAD build/hefesto/string.o

.text           0x00008000     0x11c4
 *(.text.startup)
 .text.startup  0x00008000       0x20 build/poseidon/boot.o
                0x00008000                _start
 .text.startup  0x00008020       0x40 build/poseidon/main.o
                0x00008020                main
 *(.text)
 .text          0x00008060       0xd0 build/hades/rpi-gpuMailbox.o
                0x00008060                MailboxWrite
                0x00008094                MailboxRead
                0x000080cc                InitialiseFrameBuffer
 .text          0x00008130        0x0 build/poseidon/boot.o
 .text          0x00008130       0x78 build/hefesto/divisions.o
                0x00008130                __aeabi_uidiv
                0x0000816c                __aeabi_uidivmod
 .text          0x000081a8      0x374 build/hades/gpuFrameBuffer.o
                0x000081a8                RPI_GetFrameBufferDescpr
                0x000081b4                paintEntireScreen
                0x00008218                line
                0x00008310                setPixel
                0x00008344                drawCharacter
                0x000083f8                drawString
                0x00008494                eraseString
 .text          0x0000851c       0x3c build/hades/rpi-systimer.o
                0x0000851c                RPI_GetSystemTimer
                0x00008528                RPI_esperarMicroSeconds
 .text          0x00008558        0x0 build/hades/rpi-atags.o
 .text          0x00008558       0x40 build/hades/rpi-gpio.o
                0x00008558                habilitar_GPIO_ACT_LED_output
                0x00008570                apaga_ACT_LED
                0x00008584                enciende_ACT_LED
 .text          0x00008598        0x0 build/poseidon/main.o
 .text          0x00008598      0x9a4 build/apolo/screenbackground.o
                0x00008598                bgDrawEdges
                0x0000884c                bgDrawLogo
                0x0000899c                parseAtags
                0x00008b6c                displayBgInfo
                0x00008ec0                bgRefresh
                0x00008ec4                bgInit
 .text          0x00008f3c      0x288 build/hefesto/string.o
                0x00008f3c                uintToString
                0x0000905c                stringLength
                0x00009088                searchStringPattern
                0x00009104                strcpy
                0x00009120                strncpy
                0x00009160                strncat

.data           0x0000a000     0x2258
 *(.data)
 .data          0x0000a000        0x0 build/hades/rpi-gpuMailbox.o
 .data          0x0000a000     0x2000 build/poseidon/boot.o
                0x0000a000                BackgroundInfo
                0x0000b000                FrameBufferInfo
                0x0000b030                SystemDefaultFontInfo
 .data          0x0000c000        0x0 build/hefesto/divisions.o
 .data          0x0000c000        0x0 build/hades/gpuFrameBuffer.o
 .data          0x0000c000        0x0 build/hades/rpi-systimer.o
 .data          0x0000c000        0x0 build/hades/rpi-atags.o
 .data          0x0000c000        0x0 build/hades/rpi-gpio.o
 .data          0x0000c000        0x0 build/poseidon/main.o
 .data          0x0000c000        0x0 build/apolo/screenbackground.o
 .data          0x0000c000        0x0 build/hefesto/string.o
 *(.rodata*)
 .rodata        0x0000c000       0xf4 build/apolo/screenbackground.o
 .rodata.str1.4
                0x0000c0f4      0x164 build/apolo/screenbackground.o
                                0x168 (size before relaxing)

/DISCARD/
 *(*)
OUTPUT(build/output.elf elf32-littlearm)
