
Discarded input sections

 .bss           0x00000000        0x0 build/rpi-gpuMailbox.o
 .ARM.attributes
                0x00000000       0x14 build/rpi-gpuMailbox.o
 .debug_line    0x00000000       0x80 build/rpi-gpuMailbox.o
 .debug_info    0x00000000       0x67 build/rpi-gpuMailbox.o
 .debug_abbrev  0x00000000       0x14 build/rpi-gpuMailbox.o
 .debug_aranges
                0x00000000       0x20 build/rpi-gpuMailbox.o
 .bss           0x00000000        0x0 build/divisions.o
 .ARM.attributes
                0x00000000       0x16 build/divisions.o
 .debug_line    0x00000000       0x61 build/divisions.o
 .debug_info    0x00000000       0x62 build/divisions.o
 .debug_abbrev  0x00000000       0x14 build/divisions.o
 .debug_aranges
                0x00000000       0x20 build/divisions.o
 .bss           0x00000000        0x0 build/boot.o
 .ARM.attributes
                0x00000000       0x14 build/boot.o
 .debug_line    0x00000000       0x42 build/boot.o
 .debug_info    0x00000000       0x5d build/boot.o
 .debug_abbrev  0x00000000       0x14 build/boot.o
 .debug_aranges
                0x00000000       0x20 build/boot.o
 .bss           0x00000000        0x0 build/gpuFrameBuffer.o
 .comment       0x00000000       0x71 build/gpuFrameBuffer.o
 .ARM.attributes
                0x00000000       0x35 build/gpuFrameBuffer.o
 .bss           0x00000000        0x0 build/rpi-systimer.o
 .comment       0x00000000       0x71 build/rpi-systimer.o
 .ARM.attributes
                0x00000000       0x35 build/rpi-systimer.o
 .bss           0x00000000        0x0 build/string.o
 .comment       0x00000000       0x71 build/string.o
 .ARM.attributes
                0x00000000       0x35 build/string.o
 .bss           0x00000000        0x0 build/rpi-atags.o
 .comment       0x00000000       0x71 build/rpi-atags.o
 .ARM.attributes
                0x00000000       0x35 build/rpi-atags.o
 .bss           0x00000000        0x0 build/console.o
 .comment       0x00000000       0x71 build/console.o
 .ARM.attributes
                0x00000000       0x35 build/console.o
 .bss           0x00000000        0x0 build/screenbackground.o
 .comment       0x00000000       0x71 build/screenbackground.o
 .ARM.attributes
                0x00000000       0x35 build/screenbackground.o
 .bss           0x00000000        0x0 build/rpi-gpio.o
 .comment       0x00000000       0x71 build/rpi-gpio.o
 .ARM.attributes
                0x00000000       0x35 build/rpi-gpio.o
 .bss           0x00000000        0x0 build/program.o
 .comment       0x00000000       0x71 build/program.o
 .ARM.attributes
                0x00000000       0x35 build/program.o

Memory Configuration

Name             Origin             Length             Attributes
*default*        0x00000000         0xffffffff

Linker script and memory map

LOAD build/rpi-gpuMailbox.o
LOAD build/divisions.o
LOAD build/boot.o
LOAD build/gpuFrameBuffer.o
LOAD build/rpi-systimer.o
LOAD build/string.o
LOAD build/rpi-atags.o
LOAD build/console.o
LOAD build/screenbackground.o
LOAD build/rpi-gpio.o
LOAD build/program.o

.text           0x00008000     0x1034
 *(.text.startup)
 .text.startup  0x00008000       0x20 build/boot.o
                0x00008000                _start
 .text.startup  0x00008020       0x40 build/program.o
                0x00008020                main
 *(.text)
 .text          0x00008060       0xd0 build/rpi-gpuMailbox.o
                0x00008060                MailboxWrite
                0x00008094                MailboxRead
                0x000080cc                InitialiseFrameBuffer
 .text          0x00008130       0x78 build/divisions.o
                0x00008130                __aeabi_uidiv
                0x0000816c                __aeabi_uidivmod
 .text          0x000081a8        0x0 build/boot.o
 .text          0x000081a8      0x2ec build/gpuFrameBuffer.o
                0x000081a8                RPI_GetFrameBufferDescpr
                0x000081b4                paintEntireScreen
                0x00008218                line
                0x00008310                setPixel
                0x00008344                drawCharacter
                0x000083f8                drawString
 .text          0x00008494       0x3c build/rpi-systimer.o
                0x00008494                RPI_GetSystemTimer
                0x000084a0                RPI_esperarMicroSeconds
 .text          0x000084d0      0x224 build/string.o
                0x000084d0                uintToString
                0x000085f0                stringLength
                0x0000861c                searchStringPattern
                0x00008698                strcpy
                0x000086b4                strncpy
 .text          0x000086f4        0x0 build/rpi-atags.o
 .text          0x000086f4        0x0 build/console.o
 .text          0x000086f4      0x900 build/screenbackground.o
                0x000086f4                bgRefresh
                0x00008780                bgDrawEdges
                0x00008a34                bgDrawLogo
                0x00008b84                parseAtags
                0x00008d54                displayBgInfo
                0x00008f90                bgInit
 .text          0x00008ff4       0x40 build/rpi-gpio.o
                0x00008ff4                habilitar_GPIO_ACT_LED_output
                0x0000900c                apaga_ACT_LED
                0x00009020                enciende_ACT_LED
 .text          0x00009034        0x0 build/program.o

.data           0x0000a000     0x2244
 *(.data)
 .data          0x0000a000        0x0 build/rpi-gpuMailbox.o
 .data          0x0000a000        0x0 build/divisions.o
 .data          0x0000a000     0x2000 build/boot.o
                0x0000a000                BackgroundInfo
                0x0000b000                FrameBufferInfo
                0x0000b030                SystemDefaultFontInfo
 .data          0x0000c000        0x0 build/gpuFrameBuffer.o
 .data          0x0000c000        0x0 build/rpi-systimer.o
 .data          0x0000c000        0x0 build/string.o
 .data          0x0000c000        0x0 build/rpi-atags.o
 .data          0x0000c000        0x0 build/console.o
 .data          0x0000c000        0x0 build/screenbackground.o
 .data          0x0000c000        0x0 build/rpi-gpio.o
 .data          0x0000c000        0x0 build/program.o
 *(.rodata*)
 .rodata        0x0000c000       0xe4 build/screenbackground.o
 .rodata.str1.4
                0x0000c0e4      0x160 build/screenbackground.o

/DISCARD/
 *(*)
OUTPUT(build/output.elf elf32-littlearm)
